{"level":"info","message":"\u001b[41mServer running on http://localhost:3000\u001b[49m","timestamp":"2026-08-18 00:39:08"}
{"level":"http","message":"POST /api/v1/auth/signin 200 963 - 1204.062 ms","timestamp":"2026-08-18 00:39:19"}
{"level":"http","message":"GET /api/v1/auth/forgot-password 404 1003 - 6.981 ms","timestamp":"2026-08-18 00:40:54"}
{"level":"http","message":"POST /api/v1/auth/forgot-password 200 122 - 749.668 ms","timestamp":"2026-08-18 00:41:27"}
{"level":"http","message":"PUT /api/v1/auth/reset-password?token=eda980ca22d31ea9f4980a264dd2eea64d7214bd506690a9c6d02364f060bd4f 404 1003 - 62.337 ms","timestamp":"2026-08-18 00:45:27"}
{"level":"info","message":"\u001b[41mServer running on http://localhost:3000\u001b[49m","timestamp":"2026-08-18 00:46:29"}
{"level":"info","message":"\u001b[41mServer running on http://localhost:3000\u001b[49m","timestamp":"2026-08-18 00:46:42"}
{"level":"http","message":"PUT /api/v1/auth/reset-password?token=eda980ca22d31ea9f4980a264dd2eea64d7214bd506690a9c6d02364f060bd4f 400 1081 - 11.216 ms","timestamp":"2026-08-18 00:46:47"}
{"level":"http","message":"PUT /api/v1/auth/reset-password?token=eda980ca22d31ea9f4980a264dd2eea64d7214bd506690a9c6d02364f060bd4f 400 1081 - 3.750 ms","timestamp":"2026-08-18 00:47:01"}
{"level":"http","message":"PUT /api/v1/auth/reset-password?token=eda980ca22d31ea9f4980a264dd2eea64d7214bd506690a9c6d02364f060bd4f 500 1281 - 2.862 ms","timestamp":"2026-08-18 00:47:30"}
{"level":"http","message":"PUT /api/v1/auth/reset-password?token=eda980ca22d31ea9f4980a264dd2eea64d7214bd506690a9c6d02364f060bd4f 500 1281 - 1.425 ms","timestamp":"2026-08-18 00:48:40"}
{"level":"http","message":"PUT /api/v1/auth/reset-password?token=eda980ca22d31ea9f4980a264dd2eea64d7214bd506690a9c6d02364f060bd4f 500 1281 - 1.911 ms","timestamp":"2026-08-18 00:51:01"}
{"level":"info","message":"\u001b[41mServer running on http://localhost:3000\u001b[49m","timestamp":"2026-08-18 00:52:27"}
{"level":"http","message":"PUT /api/v1/auth/reset-password?token=eda980ca22d31ea9f4980a264dd2eea64d7214bd506690a9c6d02364f060bd4f 500 1281 - 13.631 ms","timestamp":"2026-08-18 00:52:29"}
{"level":"http","message":"POST /api/v1/auth/signin 200 963 - 1433.521 ms","timestamp":"2026-08-18 00:52:39"}
{"level":"http","message":"GET /api/v1/auth/forgot-password 404 1003 - 2.050 ms","timestamp":"2026-08-18 00:53:18"}
{"level":"http","message":"POST /api/v1/auth/forgot-password 200 122 - 732.312 ms","timestamp":"2026-08-18 00:54:18"}
{"level":"http","message":"PUT /api/v1/auth/reset-password?token=ca1317f0c8733ccc012eff85e4433696a7c85690b0f58bab123ef746203725d1 500 1281 - 1.646 ms","timestamp":"2026-08-18 00:55:24"}
{"level":"info","message":"\u001b[41mServer running on http://localhost:3000\u001b[49m","timestamp":"2026-08-18 00:58:48"}
{"level":"http","message":"PUT /api/v1/auth/reset-password?token=ca1317f0c8733ccc012eff85e4433696a7c85690b0f58bab123ef746203725d1 500 1287 - 21.130 ms","timestamp":"2026-08-18 00:58:55"}
{"level":"http","message":"PUT /api/v1/auth/reset-password?token=ca1317f0c8733ccc012eff85e4433696a7c85690b0f58bab123ef746203725d1 500 1287 - 3.525 ms","timestamp":"2026-08-18 00:58:58"}
{"level":"info","message":"\u001b[41mServer running on http://localhost:3000\u001b[49m","timestamp":"2026-08-18 00:59:29"}
{"level":"http","message":"PUT /api/v1/auth/reset-password?token=ca1317f0c8733ccc012eff85e4433696a7c85690b0f58bab123ef746203725d1 200 115 - 6.352 ms","timestamp":"2026-08-18 00:59:29"}
{"level":"info","message":"\u001b[41mServer running on http://localhost:3000\u001b[49m","timestamp":"2026-08-18 01:00:29"}
{"level":"info","message":"\u001b[41mServer running on http://localhost:3000\u001b[49m","timestamp":"2026-08-18 01:01:10"}
{"level":"http","message":"PUT /api/v1/auth/reset-password?token=ca1317f0c8733ccc012eff85e4433696a7c85690b0f58bab123ef746203725d1 400 1083 - 13.189 ms","timestamp":"2026-08-18 01:01:12"}
{"level":"info","message":"\u001b[41mServer running on http://localhost:3000\u001b[49m","timestamp":"2026-08-18 01:01:34"}
{"level":"http","message":"PUT /api/v1/auth/reset-password?token=ca1317f0c8733ccc012eff85e4433696a7c85690b0f58bab123ef746203725d1 200 115 - 4.671 ms","timestamp":"2026-08-18 01:01:35"}
{"level":"info","message":"\u001b[41mServer running on http://localhost:3000\u001b[49m","timestamp":"2026-08-18 01:01:50"}
{"level":"http","message":"PUT /api/v1/auth/reset-password?token=ca1317f0c8733ccc012eff85e4433696a7c85690b0f58bab123ef746203725d1 200 115 - 6.256 ms","timestamp":"2026-08-18 01:01:53"}
{"level":"http","message":"PUT /api/v1/auth/reset-password?token=ca1317f0c8733ccc012eff85e4433696a7c85690b0f58bab123ef746203725d1 200 115 - 1.153 ms","timestamp":"2026-08-18 01:01:59"}
{"level":"http","message":"PUT /api/v1/auth/reset-password?token=ca1317f0c8733ccc012eff85e4433696a7c85690b0f58bab123ef746203725d1 200 115 - 0.662 ms","timestamp":"2026-08-18 01:02:22"}
{"level":"http","message":"PUT /api/v1/auth/reset-password?token=ca1317f0c8733ccc012eff85e4433696a7c85690b0f58bab123ef746203725d1 200 115 - 0.468 ms","timestamp":"2026-08-18 01:02:23"}
{"level":"info","message":"\u001b[41mServer running on http://localhost:3000\u001b[49m","timestamp":"2026-08-18 01:02:33"}
{"level":"http","message":"PUT /api/v1/auth/reset-password?token=ca1317f0c8733ccc012eff85e4433696a7c85690b0f58bab123ef746203725d1 200 115 - 3.660 ms","timestamp":"2026-08-18 01:02:35"}
{"level":"info","message":"\u001b[41mServer running on http://localhost:3000\u001b[49m","timestamp":"2026-08-18 01:03:08"}
{"level":"http","message":"PUT /api/v1/auth/reset-password?token=ca1317f0c8733ccc012eff85e4433696a7c85690b0f58bab123ef746203725d1 200 115 - 4.228 ms","timestamp":"2026-08-18 01:03:11"}
{"level":"info","message":"\u001b[41mServer running on http://localhost:3000\u001b[49m","timestamp":"2026-08-18 01:03:37"}
{"level":"http","message":"PUT /api/v1/auth/reset-password?token=ca1317f0c8733ccc012eff85e4433696a7c85690b0f58bab123ef746203725d1 400 1111 - 27.481 ms","timestamp":"2026-08-18 01:03:38"}
{"level":"info","message":"\u001b[41mServer running on http://localhost:3000\u001b[49m","timestamp":"2026-08-18 01:05:34"}
{"level":"http","message":"PUT /api/v1/auth/reset-password?token=ca1317f0c8733ccc012eff85e4433696a7c85690b0f58bab123ef746203725d1 400 1111 - 13.165 ms","timestamp":"2026-08-18 01:05:37"}
{"level":"http","message":"PUT /api/v1/auth/reset-password?token=ca1317f0c8733ccc012eff85e4433696a7c85690b0f58bab123ef746203725d1 400 1111 - 1.617 ms","timestamp":"2026-08-18 01:05:55"}
{"level":"http","message":"PUT /api/v1/auth/reset-password?token=ca1317f0c8733ccc012eff85e4433696a7c85690b0f58bab123ef746203725d1 400 1111 - 2.797 ms","timestamp":"2026-08-18 01:05:57"}
{"level":"http","message":"PUT /api/v1/auth/reset-password?token=ca1317f0c8733ccc012eff85e4433696a7c85690b0f58bab123ef746203725d1 200 115 - 0.646 ms","timestamp":"2026-08-18 01:06:54"}
{"level":"info","message":"\u001b[41mServer running on http://localhost:3000\u001b[49m","timestamp":"2026-08-18 01:08:41"}
{"level":"http","message":"PUT /api/v1/auth/reset-password?token=ca1317f0c8733ccc012eff85e4433696a7c85690b0f58bab123ef746203725d1 400 1099 - 20.264 ms","timestamp":"2026-08-18 01:08:45"}
{"level":"info","message":"\u001b[41mServer running on http://localhost:3000\u001b[49m","timestamp":"2026-08-18 01:09:16"}
{"level":"http","message":"PUT /api/v1/auth/reset-password?token=ca1317f0c8733ccc012eff85e4433696a7c85690b0f58bab123ef746203725d1 400 1099 - 10.843 ms","timestamp":"2026-08-18 01:09:18"}
{"level":"http","message":"PUT /api/v1/auth/reset-password?token=ca1317f0c8733ccc012eff85e4433696a7c85690b0f58bab123ef746203725d1 500 2192 - 506.905 ms","timestamp":"2026-08-18 01:09:33"}
{"level":"info","message":"\u001b[41mServer running on http://localhost:3000\u001b[49m","timestamp":"2026-08-18 01:12:13"}
{"level":"http","message":"PUT /api/v1/auth/reset-password?token=ca1317f0c8733ccc012eff85e4433696a7c85690b0f58bab123ef746203725d1 400 227 - 1000.572 ms","timestamp":"2026-08-18 01:12:17"}
{"level":"info","message":"\u001b[41mServer running on http://localhost:3000\u001b[49m","timestamp":"2026-08-18 01:12:41"}
{"level":"http","message":"POST /api/v1/auth/signin 200 963 - 1199.525 ms","timestamp":"2026-08-18 01:12:45"}
{"level":"http","message":"POST /api/v1/auth/forgot-password 200 122 - 451.553 ms","timestamp":"2026-08-18 01:12:56"}
{"level":"http","message":"PUT /api/v1/auth/reset-password?token=48f7161fc1484e1f0e1eb383844b90b4ad08b695d59888b6b45b4fed84acbd15 200 115 - 795.310 ms","timestamp":"2026-08-18 01:13:45"}
{"level":"http","message":"POST /api/v1/auth/signin 401 229 - 168.363 ms","timestamp":"2026-08-18 01:14:21"}
{"level":"http","message":"POST /api/v1/auth/signin 200 879 - 215.868 ms","timestamp":"2026-08-18 01:14:37"}
{"level":"info","message":"\u001b[41mServer running on http://localhost:3000\u001b[49m","timestamp":"2026-08-18 14:35:45"}
{"level":"info","message":"\u001b[41mServer running on http://localhost:3000\u001b[49m","timestamp":"2026-08-18 15:24:22"}
{"level":"http","message":"POST /api/v1/auth/signin 200 879 - 1195.897 ms","timestamp":"2026-08-18 15:25:17"}
{"level":"http","message":"POST /api/v1/auth/secure 200 119 - 5.050 ms","timestamp":"2026-08-18 15:26:10"}
{"level":"info","message":"\u001b[41mServer running on http://localhost:3000\u001b[49m","timestamp":"2026-08-18 15:44:24"}
{"level":"info","message":"\u001b[41mServer running on http://localhost:3000\u001b[49m","timestamp":"2026-08-18 15:46:26"}
{"level":"http","message":"POST /api/v1/auth/secure 500 1067 - 52.350 ms","timestamp":"2026-08-18 15:46:33"}
{"level":"http","message":"POST /api/v1/auth/secure 200 119 - 23.364 ms","timestamp":"2026-08-18 15:46:44"}
{"level":"info","message":"\u001b[41mServer running on http://localhost:3000\u001b[49m","timestamp":"2026-08-18 15:50:25"}
{"level":"http","message":"POST /api/v1/auth/secure 200 390 - 1061.900 ms","timestamp":"2026-08-18 15:50:31"}
{"level":"info","message":"\u001b[41mServer running on http://localhost:3000\u001b[49m","timestamp":"2026-08-18 15:54:43"}
{"level":"info","message":"\u001b[41mServer running on http://localhost:3000\u001b[49m","timestamp":"2026-08-18 15:55:33"}
{"level":"http","message":"POST /api/v1/auth/secure 500 828 - 1184.972 ms","timestamp":"2026-08-18 15:55:37"}
{"level":"info","message":"\u001b[41mServer running on http://localhost:3000\u001b[49m","timestamp":"2026-08-18 15:56:02"}
{"level":"http","message":"POST /api/v1/auth/secure 200 144 - 554.204 ms","timestamp":"2026-08-18 15:56:03"}
{"level":"info","message":"\u001b[41mServer running on http://localhost:3000\u001b[49m","timestamp":"2026-08-18 15:56:34"}
{"level":"info","message":"\u001b[41mServer running on http://localhost:3000\u001b[49m","timestamp":"2026-08-18 16:29:43"}
{"level":"info","message":"\u001b[41mServer running on http://localhost:3000\u001b[49m","timestamp":"2026-08-18 16:31:46"}
{"level":"info","message":"\u001b[41mServer running on http://localhost:3000\u001b[49m","timestamp":"2026-08-18 16:32:07"}
{"level":"info","message":"\u001b[41mServer running on http://localhost:3000\u001b[49m","timestamp":"2026-08-18 16:33:44"}
{"level":"http","message":"GET /api/v1/user/me 200 220 - 1051.023 ms","timestamp":"2026-08-18 16:33:52"}
{"level":"info","message":"\u001b[41mServer running on http://localhost:3000\u001b[49m","timestamp":"2026-08-18 16:34:17"}
{"level":"info","message":"\u001b[41mServer running on http://localhost:3000\u001b[49m","timestamp":"2026-08-18 16:34:37"}
{"level":"http","message":"GET /api/v1/user/me 200 220 - 977.539 ms","timestamp":"2026-08-18 16:34:41"}
{"level":"http","message":"GET /api/v1/user/me 500 1067 - 9.092 ms","timestamp":"2026-08-18 16:35:21"}
{"level":"http","message":"GET /api/v1/user/me 200 220 - 48.191 ms","timestamp":"2026-08-18 16:35:32"}
{"level":"http","message":"POST /auth/signup 404 1018 - 72.668 ms","timestamp":"2026-08-18 17:38:29"}
{"level":"http","message":"POST /api/auth/signup 404 1018 - 6.135 ms","timestamp":"2026-08-18 17:38:40"}
{"level":"http","message":"POST /api/v1/auth/signup 400 1287 - 76.308 ms","timestamp":"2026-08-18 17:39:17"}
{"level":"http","message":"POST /api/v1/auth/signup 200 377 - 7249.398 ms","timestamp":"2026-08-18 17:41:10"}
{"level":"http","message":"POST /api/v1/auth/signup 400 1339 - 2.876 ms","timestamp":"2026-08-18 17:41:44"}
{"level":"http","message":"POST /api/v1/auth/signup 400 1339 - 1.379 ms","timestamp":"2026-08-18 17:42:10"}
{"level":"http","message":"POST /api/v1/auth/signup 200 379 - 5729.714 ms","timestamp":"2026-08-18 17:46:06"}
{"level":"info","message":"\u001b[41mServer running on http://localhost:3000\u001b[49m","timestamp":"2026-08-18 18:13:07"}
{"level":"info","message":"\u001b[41mServer running on http://localhost:3000\u001b[49m","timestamp":"2026-08-18 18:21:46"}
{"level":"http","message":"POST /api/v1/auth/signin 200 879 - 1153.888 ms","timestamp":"2026-08-18 18:23:32"}
{"level":"http","message":"POST /api/v1/auth/signin 400 205 - 388.787 ms","timestamp":"2026-08-18 18:23:43"}
{"level":"http","message":"POST /api/v1/auth/signin 400 205 - 46.363 ms","timestamp":"2026-08-18 18:23:56"}
{"level":"http","message":"POST /api/v1/auth/signin 200 829 - 164.123 ms","timestamp":"2026-08-18 18:25:51"}
{"level":"http","message":"GET /api/v1/admin/users 200 379 - 510.721 ms","timestamp":"2026-08-18 18:26:35"}
{"level":"http","message":"POST /api/v1/auth/signin 200 879 - 163.114 ms","timestamp":"2026-08-18 18:27:11"}
{"level":"http","message":"GET /api/v1/admin/users 403 529 - 49.129 ms","timestamp":"2026-08-18 18:27:33"}
{"level":"info","message":"\u001b[41mServer running on http://localhost:3000\u001b[49m","timestamp":"2026-08-18 18:30:13"}
{"level":"http","message":"GET /api/v1/admin/users 403 529 - 937.384 ms","timestamp":"2026-08-18 18:30:22"}
{"level":"http","message":"POST /api/v1/auth/signin 400 205 - 397.075 ms","timestamp":"2026-08-18 18:30:42"}
{"level":"http","message":"POST /api/v1/auth/signin 200 829 - 192.109 ms","timestamp":"2026-08-18 18:30:57"}
{"level":"http","message":"GET /api/v1/admin/users 200 223 - 88.592 ms","timestamp":"2026-08-18 18:31:17"}
