{"level":"info","message":"\u001b[41mServer running on http://localhost:3000\u001b[49m","timestamp":"2026-08-15 16:47:14"}
{"level":"info","message":"\u001b[41mServer running on http://localhost:3000\u001b[49m","timestamp":"2026-08-15 19:50:01"}
{"level":"http","message":"POST /api/v1/auth 404 1003 - 36.141 ms","timestamp":"2026-08-15 19:51:51"}
{"level":"http","message":"POST /api/v1/auth/signup 200 314 - 268.247 ms","timestamp":"2026-08-15 19:52:30"}
{"level":"info","message":"\u001b[41mServer running on http://localhost:3000\u001b[49m","timestamp":"2026-08-15 19:58:01"}
{"level":"http","message":"POST /api/v1/auth/signup 500 287 - 175.342 ms","timestamp":"2026-08-15 19:58:35"}
{"level":"info","message":"\u001b[41mServer running on http://localhost:3000\u001b[49m","timestamp":"2026-08-15 19:59:01"}
{"level":"http","message":"POST /api/v1/auth/signup 500 285 - 192.418 ms","timestamp":"2026-08-15 19:59:05"}
{"level":"info","message":"\u001b[41mServer running on http://localhost:3000\u001b[49m","timestamp":"2026-08-15 20:00:12"}
{"level":"http","message":"POST /api/v1/auth/signup 500 287 - 246.289 ms","timestamp":"2026-08-15 20:00:50"}
{"level":"http","message":"POST /api/v1/auth/signup 400 1308 - 42.303 ms","timestamp":"2026-08-15 20:05:48"}
{"level":"http","message":"POST /api/v1/auth/signup 400 1339 - 26.118 ms","timestamp":"2026-08-15 20:06:06"}
{"level":"http","message":"POST /api/v1/auth/signup 500 287 - 155.423 ms","timestamp":"2026-08-15 20:06:31"}
{"level":"info","message":"\u001b[41mServer running on http://localhost:3000\u001b[49m","timestamp":"2026-08-15 20:33:28"}
{"level":"http","message":"GET / 404 1018 - 12.409 ms","timestamp":"2026-08-15 20:33:50"}
{"level":"http","message":"GET /favicon.ico 404 1018 - 2.440 ms","timestamp":"2026-08-15 20:33:50"}
{"level":"http","message":"GET /health 500 1259 - 11.721 ms","timestamp":"2026-08-15 20:33:59"}
{"level":"http","message":"GET /health 500 1259 - 1.151 ms","timestamp":"2026-08-15 20:34:00"}
{"level":"info","message":"\u001b[41mServer running on http://localhost:3000\u001b[49m","timestamp":"2026-08-15 20:34:42"}
{"level":"http","message":"GET /health 200 193 - 13.062 ms","timestamp":"2026-08-15 20:34:42"}
{"level":"http","message":"POST /api/v1/auth/signup 500 287 - 178.612 ms","timestamp":"2026-08-15 20:34:56"}
{"level":"http","message":"POST /api/v1/auth/signup 500 287 - 280.099 ms","timestamp":"2026-08-15 20:38:26"}
{"level":"http","message":"POST /api/v1/auth/signup 500 287 - 428.485 ms","timestamp":"2026-08-15 20:39:06"}
{"level":"info","message":"\u001b[41mServer running on http://localhost:3000\u001b[49m","timestamp":"2026-08-15 20:59:07"}
{"level":"http","message":"POST /api/v1/auth/signup 500 287 - 173.559 ms","timestamp":"2026-08-15 20:59:17"}
{"level":"info","message":"\u001b[41mServer running on http://localhost:3000\u001b[49m","timestamp":"2026-08-15 20:59:37"}
{"level":"http","message":"POST /api/v1/auth/signup 500 287 - 201.802 ms","timestamp":"2026-08-15 20:59:40"}
{"level":"info","message":"\u001b[41mServer running on http://localhost:3000\u001b[49m","timestamp":"2026-08-15 21:00:19"}
{"level":"info","message":"\u001b[41mServer running on http://localhost:3000\u001b[49m","timestamp":"2026-08-15 21:04:49"}
{"level":"http","message":"POST /api/v1/auth/signup 500 287 - 263.026 ms","timestamp":"2026-08-15 21:09:22"}
{"level":"info","message":"\u001b[41mServer running on http://localhost:3000\u001b[49m","timestamp":"2026-08-15 21:14:00"}
{"level":"http","message":"POST /api/v1/auth/signup 500 279 - 1519.072 ms","timestamp":"2026-08-15 21:14:06"}
{"level":"info","message":"\u001b[41mServer running on http://localhost:3000\u001b[49m","timestamp":"2026-08-15 21:14:53"}
{"level":"http","message":"GET /health 200 194 - 8.457 ms","timestamp":"2026-08-15 21:15:20"}
{"level":"http","message":"GET /health 200 194 - 0.698 ms","timestamp":"2026-08-15 21:15:22"}
{"level":"info","message":"\u001b[41mServer running on http://localhost:3000\u001b[49m","timestamp":"2026-08-15 21:16:49"}
{"level":"info","message":"\u001b[41mServer running on http://localhost:3000\u001b[49m","timestamp":"2026-08-15 21:16:59"}
{"level":"http","message":"POST /api/v1/auth/signup 500 287 - 205.967 ms","timestamp":"2026-08-15 21:17:11"}
{"level":"info","message":"\u001b[41mServer running on http://localhost:3000\u001b[49m","timestamp":"2026-08-15 21:29:20"}
{"level":"http","message":"POST /api/v1/auth/signup 200 372 - 1473.199 ms","timestamp":"2026-08-15 21:30:35"}
{"level":"http","message":"POST /api/v1/auth/signup 400 217 - 1181.770 ms","timestamp":"2026-08-15 22:16:48"}
{"level":"info","message":"\u001b[41mServer running on http://localhost:3000\u001b[49m","timestamp":"2026-08-15 22:43:07"}
{"level":"http","message":"POST /api/v1/auth/signup 200 380 - 1498.743 ms","timestamp":"2026-08-15 22:43:10"}
