{"level":"http","message":"GET /api/v1/products?limit=10&sort=rating 200 4852 - 3998.878 ms","timestamp":"2026-09-07 00:04:42"}
{"level":"http","message":"GET /api/v1/products?limit=10&sort=rating 500 1681 - 9846.784 ms","timestamp":"2026-09-07 00:17:55"}
{"level":"http","message":"GET /api/v1/products?limit=10&sort=rating 200 4852 - 792.540 ms","timestamp":"2026-09-07 00:17:57"}
{"level":"http","message":"POST /api/v1/orders 201 1358 - 6530.695 ms","timestamp":"2026-09-07 00:18:25"}
{"level":"http","message":"POST /api/v1/auth/secure 200 210 - 849.755 ms","timestamp":"2026-09-07 00:19:12"}
{"level":"http","message":"POST /api/v1/auth/secure 200 210 - 744.527 ms","timestamp":"2026-09-07 00:19:35"}
{"level":"http","message":"GET /api/v1/products? 200 12147 - 389.692 ms","timestamp":"2026-09-07 00:19:38"}
{"level":"http","message":"GET /api/v1/users/address/ 304 - - 550.618 ms","timestamp":"2026-09-07 00:19:56"}
{"level":"http","message":"GET /api/v1/users/address/ 304 - - 205.368 ms","timestamp":"2026-09-07 00:20:07"}
{"level":"http","message":"GET /api/v1/users/address/ 304 - - 277.312 ms","timestamp":"2026-09-07 00:22:10"}
{"level":"http","message":"GET /api/v1/address 404 1007 - 680.070 ms","timestamp":"2026-09-07 00:29:51"}
{"level":"http","message":"POST /api/v1/auth/secure 200 210 - 2648.182 ms","timestamp":"2026-09-07 00:30:10"}
{"level":"http","message":"GET /api/v1/address 404 1007 - 1.377 ms","timestamp":"2026-09-07 00:30:10"}
{"level":"http","message":"POST /api/v1/auth/secure 200 210 - 280.335 ms","timestamp":"2026-09-07 00:31:26"}
{"level":"http","message":"GET /api/v1/address 404 1007 - 178.687 ms","timestamp":"2026-09-07 00:31:26"}
{"level":"http","message":"GET /api/v1/users/address/ 304 - - 597.476 ms","timestamp":"2026-09-07 00:32:28"}
{"level":"http","message":"GET /api/v1/users/address/ 304 - - 376.313 ms","timestamp":"2026-09-07 00:32:31"}
{"level":"http","message":"GET /api/v1/users/address/ 304 - - 210.084 ms","timestamp":"2026-09-07 00:32:33"}
{"level":"http","message":"GET /api/v1/products? 304 - - 1049.205 ms","timestamp":"2026-09-07 00:33:00"}
{"level":"http","message":"GET /api/v1/users/address/ 304 - - 413.995 ms","timestamp":"2026-09-07 00:33:05"}
{"level":"http","message":"GET /api/v1/users/address/ 304 - - 222.013 ms","timestamp":"2026-09-07 00:33:08"}
{"level":"http","message":"POST /api/v1/auth/secure 200 210 - 334.698 ms","timestamp":"2026-09-07 00:34:17"}
{"level":"http","message":"GET /api/v1/users/address/ 200 755 - 269.867 ms","timestamp":"2026-09-07 00:34:18"}
{"level":"http","message":"GET /api/v1/users/address/ 304 - - 1307.297 ms","timestamp":"2026-09-07 00:38:20"}
{"level":"http","message":"GET /api/v1/users/address/ 304 - - 283.925 ms","timestamp":"2026-09-07 00:38:21"}
{"level":"http","message":"POST /api/v1/auth/secure 200 210 - 527.805 ms","timestamp":"2026-09-07 00:39:21"}
{"level":"http","message":"GET /api/v1/users/address/ 304 - - 192.863 ms","timestamp":"2026-09-07 00:39:21"}
{"level":"http","message":"POST /api/v1/auth/secure 200 210 - 235.816 ms","timestamp":"2026-09-07 00:41:45"}
{"level":"http","message":"GET /api/v1/users/address/ 304 - - 405.465 ms","timestamp":"2026-09-07 00:41:45"}
{"level":"http","message":"GET /api/v1/users/address/ 304 - - 280.284 ms","timestamp":"2026-09-07 00:42:29"}
{"level":"http","message":"POST /api/v1/orders 201 1142 - 3693.440 ms","timestamp":"2026-09-07 00:42:46"}
