{"level":"info","message":"\u001b[41mServer running on http://localhost:3000\u001b[49m","timestamp":"2026-09-08 12:22:41"}
{"level":"http","message":"POST /api/v1/auth/secure 200 210 - 4697.737 ms","timestamp":"2026-09-08 14:34:33"}
{"level":"http","message":"GET /api/v1/products?limit=10&sort=rating 304 - - 5732.305 ms","timestamp":"2026-09-08 14:34:34"}
{"level":"http","message":"GET /api/v1/orders 304 - - 584.039 ms","timestamp":"2026-09-08 14:36:19"}
{"level":"http","message":"GET /api/v1/orders/61fba3ad-33e8-4118-a35f-585817c351ec 200 931 - 221.026 ms","timestamp":"2026-09-08 14:36:25"}
{"level":"http","message":"GET /api/v1/orders 304 - - 277.550 ms","timestamp":"2026-09-08 14:36:38"}
{"level":"http","message":"GET /api/v1/orders/bd23bca7-3cf9-4a9f-bb40-106090e6f80a 200 925 - 149.041 ms","timestamp":"2026-09-08 14:36:39"}
{"level":"http","message":"GET /api/v1/orders 304 - - 156.190 ms","timestamp":"2026-09-08 14:36:45"}
{"level":"http","message":"GET /api/v1/orders/9f71da42-b5d6-4b7c-8869-f28232e81e6e 200 1156 - 155.898 ms","timestamp":"2026-09-08 14:36:48"}
{"level":"http","message":"GET /api/v1/orders 200 6349 - 1138.257 ms","timestamp":"2026-09-08 14:47:58"}
{"level":"http","message":"GET /api/v1/orders?status=placed 304 - - 286.426 ms","timestamp":"2026-09-08 14:48:00"}
{"level":"http","message":"GET /api/v1/orders?status=out%20for%20delivery 304 - - 184.991 ms","timestamp":"2026-09-08 14:48:01"}
{"level":"http","message":"GET /api/v1/orders?status=delivered 200 88 - 141.207 ms","timestamp":"2026-09-08 14:48:02"}
{"level":"http","message":"GET /api/v1/orders 304 - - 141.105 ms","timestamp":"2026-09-08 14:48:04"}
{"level":"http","message":"GET /api/v1/orders/61fba3ad-33e8-4118-a35f-585817c351ec 200 934 - 208.370 ms","timestamp":"2026-09-08 14:48:07"}
{"level":"http","message":"GET /api/v1/orders 304 - - 210.489 ms","timestamp":"2026-09-08 14:48:23"}
{"level":"http","message":"GET /api/v1/orders/bd23bca7-3cf9-4a9f-bb40-106090e6f80a 304 - - 159.376 ms","timestamp":"2026-09-08 14:48:25"}
{"level":"http","message":"GET /api/v1/orders 304 - - 140.726 ms","timestamp":"2026-09-08 14:48:28"}
{"level":"http","message":"GET /api/v1/orders/61fba3ad-33e8-4118-a35f-585817c351ec 304 - - 153.865 ms","timestamp":"2026-09-08 14:48:29"}
{"level":"http","message":"GET /api/v1/orders 304 - - 205.236 ms","timestamp":"2026-09-08 14:52:52"}
{"level":"http","message":"GET /api/v1/orders/61fba3ad-33e8-4118-a35f-585817c351ec 304 - - 141.355 ms","timestamp":"2026-09-08 14:52:53"}
{"level":"http","message":"GET /api/v1/orders 304 - - 157.425 ms","timestamp":"2026-09-08 14:52:55"}
{"level":"http","message":"GET /api/v1/orders/bd23bca7-3cf9-4a9f-bb40-106090e6f80a 304 - - 145.882 ms","timestamp":"2026-09-08 14:52:56"}
{"level":"http","message":"GET /api/v1/orders/bd23bca7-3cf9-4a9f-bb40-106090e6f80a 304 - - 2525.395 ms","timestamp":"2026-09-08 14:59:31"}
{"level":"http","message":"GET /api/v1/orders/bd23bca7-3cf9-4a9f-bb40-106090e6f80a 304 - - 341.724 ms","timestamp":"2026-09-08 14:59:36"}
{"level":"http","message":"GET /api/v1/orders 304 - - 278.894 ms","timestamp":"2026-09-08 14:59:39"}
{"level":"http","message":"GET /api/v1/orders/61fba3ad-33e8-4118-a35f-585817c351ec 304 - - 161.239 ms","timestamp":"2026-09-08 14:59:40"}
{"level":"http","message":"GET /api/v1/orders 304 - - 176.166 ms","timestamp":"2026-09-08 14:59:42"}
{"level":"http","message":"GET /api/v1/orders/bd23bca7-3cf9-4a9f-bb40-106090e6f80a 304 - - 160.667 ms","timestamp":"2026-09-08 14:59:43"}
{"level":"http","message":"GET /api/v1/orders 304 - - 562.334 ms","timestamp":"2026-09-08 14:59:53"}
{"level":"http","message":"GET /api/v1/orders/3a151d54-c6d8-4d2d-81e4-593dfe848efd 200 1361 - 137.004 ms","timestamp":"2026-09-08 14:59:55"}
{"level":"http","message":"GET /api/v1/orders 304 - - 1881.740 ms","timestamp":"2026-09-08 15:07:07"}
{"level":"http","message":"GET /api/v1/orders 304 - - 142.971 ms","timestamp":"2026-09-08 15:07:09"}
{"level":"http","message":"GET /api/v1/orders?status=delivered 304 - - 3297.473 ms","timestamp":"2026-09-08 15:07:09"}
{"level":"http","message":"GET /api/v1/orders/61fba3ad-33e8-4118-a35f-585817c351ec 304 - - 209.651 ms","timestamp":"2026-09-08 15:07:12"}
{"level":"http","message":"GET /api/v1/orders 304 - - 1496.860 ms","timestamp":"2026-09-08 15:08:23"}
{"level":"http","message":"GET /api/v1/orders?status=placed 304 - - 177.237 ms","timestamp":"2026-09-08 15:08:28"}
{"level":"http","message":"GET /api/v1/orders?status=out%20for%20delivery 304 - - 157.827 ms","timestamp":"2026-09-08 15:08:29"}
{"level":"http","message":"GET /api/v1/orders?status=delivered 304 - - 140.833 ms","timestamp":"2026-09-08 15:08:30"}
{"level":"http","message":"GET /api/v1/products? 200 12136 - 408.514 ms","timestamp":"2026-09-08 15:08:33"}
{"level":"http","message":"GET /api/v1/orders 304 - - 300.481 ms","timestamp":"2026-09-08 15:08:35"}
{"level":"http","message":"GET /api/v1/orders?status=placed 304 - - 217.663 ms","timestamp":"2026-09-08 15:08:40"}
{"level":"http","message":"GET /api/v1/orders?status=out%20for%20delivery 304 - - 191.454 ms","timestamp":"2026-09-08 15:08:41"}
{"level":"http","message":"GET /api/v1/orders?status=delivered 304 - - 183.094 ms","timestamp":"2026-09-08 15:08:42"}
{"level":"http","message":"GET /api/v1/orders?status=delivered 304 - - 1624.105 ms","timestamp":"2026-09-08 15:13:26"}
{"level":"http","message":"POST /api/v1/auth/secure 200 210 - 527.136 ms","timestamp":"2026-09-08 15:14:57"}
{"level":"http","message":"GET /api/v1/orders 304 - - 564.327 ms","timestamp":"2026-09-08 15:14:57"}
{"level":"http","message":"GET /api/v1/orders/61fba3ad-33e8-4118-a35f-585817c351ec 304 - - 967.442 ms","timestamp":"2026-09-08 15:15:05"}
{"level":"http","message":"GET /api/v1/orders 304 - - 945.265 ms","timestamp":"2026-09-08 15:15:45"}
{"level":"http","message":"GET /api/v1/orders/61fba3ad-33e8-4118-a35f-585817c351ec 304 - - 151.376 ms","timestamp":"2026-09-08 15:15:49"}
{"level":"http","message":"GET /api/v1/orders 304 - - 842.088 ms","timestamp":"2026-09-08 15:15:54"}
{"level":"http","message":"GET /api/v1/orders/bd23bca7-3cf9-4a9f-bb40-106090e6f80a 304 - - 454.315 ms","timestamp":"2026-09-08 15:15:55"}
{"level":"http","message":"GET /api/v1/orders/bd23bca7-3cf9-4a9f-bb40-106090e6f80a 304 - - 521.327 ms","timestamp":"2026-09-08 15:18:18"}
{"level":"http","message":"GET /api/v1/orders/bd23bca7-3cf9-4a9f-bb40-106090e6f80a 304 - - 3106.162 ms","timestamp":"2026-09-08 15:20:28"}
{"level":"http","message":"GET /api/v1/orders 304 - - 801.701 ms","timestamp":"2026-09-08 15:20:35"}
{"level":"http","message":"GET /api/v1/orders/bd23bca7-3cf9-4a9f-bb40-106090e6f80a 304 - - 142.311 ms","timestamp":"2026-09-08 15:20:38"}
{"level":"http","message":"POST /api/v1/auth/secure 200 210 - 1714.483 ms","timestamp":"2026-09-08 15:21:23"}
{"level":"http","message":"GET /api/v1/orders/bd23bca7-3cf9-4a9f-bb40-106090e6f80a 304 - - 134.652 ms","timestamp":"2026-09-08 15:21:23"}
{"level":"http","message":"POST /api/v1/auth/secure 200 210 - 253.256 ms","timestamp":"2026-09-08 15:22:02"}
{"level":"http","message":"GET /api/v1/orders/bd23bca7-3cf9-4a9f-bb40-106090e6f80a 304 - - 748.033 ms","timestamp":"2026-09-08 15:22:03"}
{"level":"http","message":"GET /api/v1/orders/bd23bca7-3cf9-4a9f-bb40-106090e6f80a 304 - - 5240.801 ms","timestamp":"2026-09-08 15:27:48"}
{"level":"http","message":"GET /api/v1/orders/bd23bca7-3cf9-4a9f-bb40-106090e6f80a 304 - - 1073.201 ms","timestamp":"2026-09-08 15:28:42"}
{"level":"http","message":"GET /api/v1/orders/bd23bca7-3cf9-4a9f-bb40-106090e6f80a 304 - - 1499.380 ms","timestamp":"2026-09-08 15:28:44"}
{"level":"http","message":"POST /api/v1/auth/secure 500 1765 - 43141.025 ms","timestamp":"2026-09-08 16:52:38"}
{"level":"http","message":"POST /api/v1/auth/secure 401 1074 - 679.347 ms","timestamp":"2026-09-08 19:06:18"}
{"level":"http","message":"GET /api/v1/products?limit=10&sort=rating 304 - - 3884.302 ms","timestamp":"2026-09-08 19:06:22"}
{"level":"http","message":"POST /api/v1/auth/login 200 830 - 1959.382 ms","timestamp":"2026-09-08 19:06:39"}
{"level":"http","message":"GET /api/v1/products? 304 - - 4524.198 ms","timestamp":"2026-09-08 19:15:39"}
{"level":"http","message":"GET /api/v1/products/flash-deals 200 5877 - 962.845 ms","timestamp":"2026-09-08 19:15:43"}
{"level":"http","message":"GET /api/v1/orders 304 - - 1289.758 ms","timestamp":"2026-09-08 19:15:50"}
{"level":"http","message":"GET /api/v1/orders?status=placed 304 - - 984.546 ms","timestamp":"2026-09-08 19:15:56"}
{"level":"http","message":"GET /api/v1/orders?status=out%20for%20delivery 304 - - 198.037 ms","timestamp":"2026-09-08 19:15:57"}
{"level":"http","message":"GET /api/v1/orders?status=delivered 304 - - 182.008 ms","timestamp":"2026-09-08 19:15:57"}
{"level":"http","message":"GET /api/v1/users/address/ 304 - - 647.261 ms","timestamp":"2026-09-08 19:19:21"}
{"level":"http","message":"GET /api/v1/users/address/ 304 - - 1752.534 ms","timestamp":"2026-09-08 19:22:18"}
{"level":"info","message":"\u001b[41mServer running on http://localhost:3000\u001b[49m","timestamp":"2026-09-08 19:39:09"}
{"level":"info","message":"\u001b[41mServer running on http://localhost:3000\u001b[49m","timestamp":"2026-09-08 19:46:54"}
{"level":"info","message":"\u001b[41mServer running on http://localhost:3000\u001b[49m","timestamp":"2026-09-08 19:47:17"}
{"level":"info","message":"\u001b[41mServer running on http://localhost:3000\u001b[49m","timestamp":"2026-09-08 20:02:43"}
{"level":"info","message":"\u001b[41mServer running on http://localhost:3000\u001b[49m","timestamp":"2026-09-08 21:16:49"}
{"level":"info","message":"\u001b[41mServer running on http://localhost:3000\u001b[49m","timestamp":"2026-09-08 21:18:36"}
{"level":"info","message":"\u001b[41mServer running on http://localhost:3000\u001b[49m","timestamp":"2026-09-08 21:20:44"}
{"level":"info","message":"\u001b[41mServer running on http://localhost:3000\u001b[49m","timestamp":"2026-09-08 21:20:52"}
{"level":"info","message":"\u001b[41mServer running on http://localhost:3000\u001b[49m","timestamp":"2026-09-08 21:21:12"}
{"level":"info","message":"\u001b[41mServer running on http://localhost:3000\u001b[49m","timestamp":"2026-09-08 21:24:30"}
{"level":"info","message":"\u001b[41mServer running on http://localhost:3000\u001b[49m","timestamp":"2026-09-08 21:25:12"}
{"level":"http","message":"GET /api/v1/admin/stats 200 6900 - 4948.742 ms","timestamp":"2026-09-08 22:13:00"}
{"level":"http","message":"POST /api/v1/auth/secure 200 210 - 835.269 ms","timestamp":"2026-09-08 22:14:30"}
{"level":"http","message":"POST /api/v1/auth/login 200 830 - 588.432 ms","timestamp":"2026-09-08 22:14:50"}
{"level":"http","message":"GET /api/v1/products?limit=10&sort=rating 304 - - 285.990 ms","timestamp":"2026-09-08 22:14:51"}
{"level":"http","message":"POST /api/v1/auth/secure 200 210 - 383.893 ms","timestamp":"2026-09-08 22:16:20"}
{"level":"http","message":"POST /api/v1/auth/login 200 830 - 261.245 ms","timestamp":"2026-09-08 22:16:30"}
{"level":"http","message":"GET /api/v1/admin/stats 304 - - 677.312 ms","timestamp":"2026-09-08 22:16:38"}
{"level":"http","message":"GET /api/v1/admin/stats 304 - - 2235.859 ms","timestamp":"2026-09-08 22:18:39"}
{"level":"http","message":"GET /api/v1/admin/stats 304 - - 583.776 ms","timestamp":"2026-09-08 22:18:48"}
{"level":"http","message":"GET /api/v1/admin/stats 304 - - 584.040 ms","timestamp":"2026-09-08 22:19:00"}
{"level":"http","message":"GET /api/v1/admin/stats 304 - - 426.865 ms","timestamp":"2026-09-08 22:19:18"}
{"level":"http","message":"GET /api/v1/admin/stats 304 - - 364.155 ms","timestamp":"2026-09-08 22:19:31"}
{"level":"http","message":"GET /api/v1/admin/stats 304 - - 540.110 ms","timestamp":"2026-09-08 22:20:16"}
{"level":"http","message":"GET /api/v1/admin/stats 304 - - 334.313 ms","timestamp":"2026-09-08 22:20:29"}
{"level":"http","message":"GET /api/v1/admin/stats 304 - - 628.279 ms","timestamp":"2026-09-08 22:20:42"}
{"level":"http","message":"GET /api/v1/admin/stats 304 - - 1685.474 ms","timestamp":"2026-09-08 22:23:46"}
{"level":"http","message":"GET /api/v1/admin/stats 304 - - 1223.725 ms","timestamp":"2026-09-08 22:24:04"}
{"level":"http","message":"GET /api/v1/admin/stats 304 - - 985.699 ms","timestamp":"2026-09-08 22:28:47"}
{"level":"http","message":"GET /api/v1/admin/stats 304 - - 2259.976 ms","timestamp":"2026-09-08 22:36:16"}
{"level":"http","message":"GET /api/v1/admin/stats 500 1765 - 32654.000 ms","timestamp":"2026-09-08 23:20:00"}
{"level":"http","message":"GET /api/v1/admin/stats 200 6900 - 14895.513 ms","timestamp":"2026-09-08 23:20:19"}
{"level":"http","message":"GET /api/v1/delivery-partners 404 1007 - 713.394 ms","timestamp":"2026-09-08 23:23:51"}
{"level":"http","message":"GET /api/v1/delivery-partners 404 1007 - 1.624 ms","timestamp":"2026-09-08 23:23:53"}
{"level":"http","message":"GET /api/v1/delivery-partners 404 1007 - 109.492 ms","timestamp":"2026-09-08 23:24:00"}
{"level":"http","message":"GET /api/v1/orders/all 200 6643 - 13680.603 ms","timestamp":"2026-09-08 23:24:02"}
{"level":"http","message":"GET /api/v1/delivery-partners 404 1007 - 1.203 ms","timestamp":"2026-09-08 23:24:04"}
{"level":"http","message":"POST /api/v1/auth/secure 200 210 - 2873.376 ms","timestamp":"2026-09-08 23:39:43"}
{"level":"http","message":"POST /api/v1/auth/login 200 830 - 271.500 ms","timestamp":"2026-09-08 23:39:52"}
{"level":"http","message":"GET /api/v1/products?limit=10&sort=rating 304 - - 718.555 ms","timestamp":"2026-09-08 23:39:53"}
{"level":"http","message":"GET /api/v1/delivery-partners 404 1007 - 44.596 ms","timestamp":"2026-09-08 23:40:04"}
{"level":"http","message":"GET /api/v1/orders/all 304 - - 777.322 ms","timestamp":"2026-09-08 23:40:05"}
{"level":"http","message":"GET /api/v1/delivery-partners 404 1007 - 1.467 ms","timestamp":"2026-09-08 23:40:06"}
{"level":"http","message":"GET /api/v1/delivery-partners 404 1007 - 2.191 ms","timestamp":"2026-09-08 23:40:08"}
{"level":"http","message":"GET /api/v1/delivery-partners 404 1007 - 1.189 ms","timestamp":"2026-09-08 23:40:12"}
{"level":"http","message":"POST /api/v1/auth/secure 200 210 - 262.494 ms","timestamp":"2026-09-08 23:40:55"}
{"level":"http","message":"POST /api/v1/auth/login 200 830 - 311.850 ms","timestamp":"2026-09-08 23:41:12"}
{"level":"http","message":"GET /api/v1/orders/all 304 - - 387.569 ms","timestamp":"2026-09-08 23:41:19"}
{"level":"http","message":"GET /api/v1/admin/delivery-partners 200 111 - 446.893 ms","timestamp":"2026-09-08 23:41:20"}
{"level":"http","message":"POST /api/v1/auth/secure 200 210 - 216.054 ms","timestamp":"2026-09-08 23:43:18"}
{"level":"http","message":"POST /api/v1/auth/login 200 830 - 354.217 ms","timestamp":"2026-09-08 23:43:32"}
{"level":"http","message":"GET /api/v1/admin/delivery-partners 304 - - 440.606 ms","timestamp":"2026-09-08 23:43:39"}
{"level":"http","message":"GET /api/v1/orders/all 304 - - 509.851 ms","timestamp":"2026-09-08 23:43:39"}
{"level":"http","message":"GET /api/v1/products?limit=10&sort=rating 500 2019 - 12904.779 ms","timestamp":"2026-09-08 23:57:08"}
{"level":"http","message":"POST /api/v1/auth/secure 500 1765 - 12810.032 ms","timestamp":"2026-09-08 23:57:08"}
{"level":"http","message":"POST /api/v1/auth/login 200 830 - 1292.328 ms","timestamp":"2026-09-08 23:57:10"}
{"level":"http","message":"GET /api/v1/products?limit=10&sort=rating 200 4995 - 1370.438 ms","timestamp":"2026-09-08 23:57:11"}
{"level":"http","message":"GET /api/v1/admin/delivery-partners 304 - - 722.704 ms","timestamp":"2026-09-08 23:57:19"}
{"level":"http","message":"GET /api/v1/orders/all 304 - - 991.630 ms","timestamp":"2026-09-08 23:57:19"}
