{"level":"info","message":"\u001b[41mServer running on http://localhost:3000\u001b[49m","timestamp":"2026-09-06 12:26:00"}
{"level":"http","message":"POST /api/v1/auth/secure 401 1074 - 16.287 ms","timestamp":"2026-09-06 12:27:24"}
{"level":"http","message":"GET /api/v1/products?limit=10&sort=rating 200 4841 - 3009.974 ms","timestamp":"2026-09-06 12:27:27"}
{"level":"http","message":"POST /api/v1/auth/login 200 830 - 470.686 ms","timestamp":"2026-09-06 12:27:56"}
{"level":"http","message":"GET /api/v1/products? 200 12217 - 250.601 ms","timestamp":"2026-09-06 12:28:05"}
{"level":"http","message":"GET /api/v1/products?sort=price-low 200 12188 - 141.050 ms","timestamp":"2026-09-06 12:28:11"}
{"level":"http","message":"GET /api/v1/products?sort=price-high 200 12123 - 204.352 ms","timestamp":"2026-09-06 12:28:13"}
{"level":"http","message":"GET /api/v1/products?sort=rating 200 12217 - 82.337 ms","timestamp":"2026-09-06 12:28:15"}
{"level":"http","message":"GET /api/v1/products?sort=rating&minPrice=5 200 12217 - 207.786 ms","timestamp":"2026-09-06 12:28:18"}
{"level":"http","message":"GET /api/v1/products?sort=rating&minPrice=59 200 7822 - 84.609 ms","timestamp":"2026-09-06 12:28:19"}
{"level":"http","message":"GET /api/v1/products?sort=rating&minPrice=59&maxPrice=7 200 139 - 262.090 ms","timestamp":"2026-09-06 12:28:25"}
{"level":"http","message":"GET /api/v1/products?sort=rating&minPrice=59&maxPrice=70 200 2023 - 164.639 ms","timestamp":"2026-09-06 12:28:26"}
{"level":"http","message":"GET /api/v1/products/search?q=banana 200 593 - 185.962 ms","timestamp":"2026-09-06 12:28:39"}
{"level":"http","message":"GET /api/v1/products/flash-deals 200 5885 - 271.385 ms","timestamp":"2026-09-06 12:30:42"}
{"level":"http","message":"GET /api/v1/products/search?q=mango 200 600 - 166.680 ms","timestamp":"2026-09-06 12:31:39"}
{"level":"http","message":"GET /api/v1/products/search?q=buuter 404 277 - 170.510 ms","timestamp":"2026-09-06 12:31:59"}
{"level":"http","message":"GET /api/v1/products/search?q=buuter 404 277 - 84.339 ms","timestamp":"2026-09-06 12:32:01"}
{"level":"http","message":"GET /api/v1/products/search?q=buuter 404 277 - 85.290 ms","timestamp":"2026-09-06 12:32:03"}
{"level":"http","message":"GET /api/v1/products/search?q=buuter 404 277 - 85.202 ms","timestamp":"2026-09-06 12:32:07"}
{"level":"http","message":"GET /api/v1/products/search?q=butter 200 543 - 86.061 ms","timestamp":"2026-09-06 12:32:12"}
{"level":"http","message":"GET /api/v1/products/search?q=butter 500 1785 - 671.964 ms","timestamp":"2026-09-06 12:41:05"}
{"level":"http","message":"GET /api/v1/products/search?q=butter 500 1785 - 3.895 ms","timestamp":"2026-09-06 12:41:06"}
{"level":"http","message":"GET /api/v1/products/search?q=butter 500 1785 - 6.468 ms","timestamp":"2026-09-06 12:41:08"}
{"level":"http","message":"GET /api/v1/products/search?q=butter 200 543 - 1431.268 ms","timestamp":"2026-09-06 12:49:36"}
{"level":"http","message":"GET /api/v1/products? 304 - - 632.856 ms","timestamp":"2026-09-06 12:49:42"}
{"level":"http","message":"GET /api/v1/products? 304 - - 9176.425 ms","timestamp":"2026-09-06 12:57:11"}
{"level":"http","message":"POST /api/v1/auth/secure 200 210 - 8723.074 ms","timestamp":"2026-09-06 12:57:11"}
{"level":"http","message":"GET /api/v1/products?limit=10&sort=rating 304 - - 588.833 ms","timestamp":"2026-09-06 12:58:31"}
{"level":"http","message":"GET /api/v1/products?limit=10&sort=rating 304 - - 2902.454 ms","timestamp":"2026-09-06 13:04:36"}
{"level":"http","message":"GET /api/v1/products/search?q=l 200 9643 - 1057.173 ms","timestamp":"2026-09-06 13:05:03"}
{"level":"http","message":"GET /api/v1/products/search?q=%22%20%20%20%20%20%22 404 277 - 484.673 ms","timestamp":"2026-09-06 13:05:17"}
{"level":"http","message":"GET /api/v1/products/search?q=%22%20%20%20%20%20%22 404 277 - 158.192 ms","timestamp":"2026-09-06 13:05:19"}
{"level":"http","message":"GET /api/v1/products/search?q=%22%20%20%20%20%20%22 404 277 - 106.050 ms","timestamp":"2026-09-06 13:05:21"}
{"level":"http","message":"GET /api/v1/products/search?q=%22%20%20%20%20%20%22 404 277 - 82.200 ms","timestamp":"2026-09-06 13:05:25"}
{"level":"http","message":"GET /api/v1/products? 304 - - 6534.613 ms","timestamp":"2026-09-06 13:15:50"}
{"level":"http","message":"GET /api/v1/products/960061c7-70bc-4123-80a1-44d6c09d9728 404 536 - 5199.799 ms","timestamp":"2026-09-06 13:26:36"}
{"level":"http","message":"GET /api/v1/products? 304 - - 972.549 ms","timestamp":"2026-09-06 13:26:37"}
{"level":"http","message":"GET /api/v1/products/960061c7-70bc-4123-80a1-44d6c09d9728 404 536 - 226.099 ms","timestamp":"2026-09-06 13:26:38"}
{"level":"http","message":"GET /api/v1/products/960061c7-70bc-4123-80a1-44d6c09d9728 404 536 - 314.401 ms","timestamp":"2026-09-06 13:26:40"}
{"level":"http","message":"GET /api/v1/products/960061c7-70bc-4123-80a1-44d6c09d9728 404 536 - 99.991 ms","timestamp":"2026-09-06 13:26:42"}
{"level":"http","message":"GET /api/v1/products/960061c7-70bc-4123-80a1-44d6c09d9728 404 536 - 76.194 ms","timestamp":"2026-09-06 13:26:46"}
{"level":"info","message":"\u001b[41mServer running on http://localhost:3000\u001b[49m","timestamp":"2026-09-06 13:29:43"}
{"level":"http","message":"GET /api/v1/products/6cf3d1df-4598-4a3f-90dd-9f579668e0b6 200 558 - 1201.151 ms","timestamp":"2026-09-06 13:29:44"}
{"level":"http","message":"GET /api/v1/products/6cf3d1df-4598-4a3f-90dd-9f579668e0b6 304 - - 280.809 ms","timestamp":"2026-09-06 13:30:39"}
{"level":"http","message":"GET /api/v1/products/6cf3d1df-4598-4a3f-90dd-9f579668e0b6 304 - - 380.382 ms","timestamp":"2026-09-06 13:31:22"}
{"level":"http","message":"GET /api/v1/products/6cf3d1df-4598-4a3f-90dd-9f579668e0b6 304 - - 251.583 ms","timestamp":"2026-09-06 13:32:09"}
{"level":"info","message":"\u001b[41mServer running on http://localhost:3000\u001b[49m","timestamp":"2026-09-06 13:33:12"}
{"level":"http","message":"GET /api/v1/products/6cf3d1df-4598-4a3f-90dd-9f579668e0b6 200 546 - 4019.108 ms","timestamp":"2026-09-06 13:33:28"}
{"level":"http","message":"POST /api/v1/auth/secure 200 210 - 3889.443 ms","timestamp":"2026-09-06 13:33:28"}
{"level":"http","message":"GET /api/v1/products/6cf3d1df-4598-4a3f-90dd-9f579668e0b6 304 - - 8916.887 ms","timestamp":"2026-09-06 13:46:58"}
{"level":"http","message":"POST /api/v1/auth/secure 200 210 - 6924.837 ms","timestamp":"2026-09-06 13:46:59"}
{"level":"http","message":"GET /api/v1/products/6cf3d1df-4598-4a3f-90dd-9f579668e0b6 304 - - 2922.759 ms","timestamp":"2026-09-06 13:51:42"}
{"level":"http","message":"GET /api/v1/products?category=pantry-staples 200 3416 - 2708.174 ms","timestamp":"2026-09-06 13:51:43"}
{"level":"http","message":"POST /api/v1/auth/secure 200 210 - 3326.654 ms","timestamp":"2026-09-06 13:51:43"}
{"level":"http","message":"GET /api/v1/products/6cf3d1df-4598-4a3f-90dd-9f579668e0b6 304 - - 687.275 ms","timestamp":"2026-09-06 13:52:19"}
{"level":"http","message":"GET /api/v1/products?category=pantry-staples 304 - - 1310.383 ms","timestamp":"2026-09-06 13:52:20"}
{"level":"http","message":"GET /api/v1/products? 304 - - 277.727 ms","timestamp":"2026-09-06 13:53:30"}
{"level":"http","message":"GET /api/v1/products/1cce5b9f-4f0e-4782-91f3-2fa88fab5dbb 200 539 - 174.746 ms","timestamp":"2026-09-06 13:53:32"}
{"level":"http","message":"GET /api/v1/products/1cce5b9f-4f0e-4782-91f3-2fa88fab5dbb 304 - - 287.443 ms","timestamp":"2026-09-06 13:56:05"}
{"level":"http","message":"POST /api/v1/auth/secure 200 210 - 542.078 ms","timestamp":"2026-09-06 13:56:05"}
{"level":"http","message":"GET /api/v1/products/1cce5b9f-4f0e-4782-91f3-2fa88fab5dbb 304 - - 764.974 ms","timestamp":"2026-09-06 13:57:44"}
{"level":"http","message":"GET /api/v1/products?category=pantry-staples 304 - - 795.938 ms","timestamp":"2026-09-06 13:57:44"}
{"level":"http","message":"POST /api/v1/auth/secure 200 210 - 1021.074 ms","timestamp":"2026-09-06 13:57:44"}
{"level":"http","message":"GET /api/v1/products/1cce5b9f-4f0e-4782-91f3-2fa88fab5dbb 304 - - 2043.919 ms","timestamp":"2026-09-06 15:00:41"}
{"level":"http","message":"GET /api/v1/products?category=pantry-staples 304 - - 2043.753 ms","timestamp":"2026-09-06 15:00:41"}
{"level":"http","message":"GET /api/v1/products? 304 - - 211.053 ms","timestamp":"2026-09-06 15:01:33"}
{"level":"http","message":"GET /api/v1/products/80a08927-761d-49ed-8513-0a81ace09a2e 200 547 - 62.982 ms","timestamp":"2026-09-06 15:01:35"}
{"level":"http","message":"GET /api/v1/products?category=bakery 200 1059 - 122.019 ms","timestamp":"2026-09-06 15:01:35"}
