{"level":"info","message":"\u001b[41mServer running on http://localhost:3000\u001b[49m","timestamp":"2026-08-16 22:48:55"}
{"level":"http","message":"POST /api/v1/auth/signup 200 389 - 1409.926 ms","timestamp":"2026-08-16 22:51:26"}
{"level":"info","message":"\u001b[41mServer running on http://localhost:3000\u001b[49m","timestamp":"2026-08-16 22:53:28"}
{"level":"info","message":"\u001b[41mServer running on http://localhost:3000\u001b[49m","timestamp":"2026-08-16 22:54:43"}
{"level":"http","message":"POST /api/v1/auth/signup 200 389 - 1306.593 ms","timestamp":"2026-08-16 22:55:00"}
{"level":"info","message":"\u001b[41mServer running on http://localhost:3000\u001b[49m","timestamp":"2026-08-16 22:55:39"}
{"level":"http","message":"POST /api/v1/auth/signup 500 135 - 1837.966 ms","timestamp":"2026-08-16 22:59:00"}
{"level":"info","message":"\u001b[41mServer running on http://localhost:3000\u001b[49m","timestamp":"2026-08-16 23:03:49"}
{"level":"http","message":"POST /api/v1/auth/signup 400 217 - 6386.848 ms","timestamp":"2026-08-16 23:05:06"}
{"level":"http","message":"POST /api/v1/auth/signup 500 141 - 852.019 ms","timestamp":"2026-08-16 23:05:51"}
{"level":"info","message":"\u001b[41mServer running on http://localhost:3000\u001b[49m","timestamp":"2026-08-16 23:11:56"}
{"level":"info","message":"\u001b[41mServer running on http://localhost:3000\u001b[49m","timestamp":"2026-08-16 23:12:02"}
{"level":"http","message":"POST /api/v1/auth/signup 200 389 - 8025.012 ms","timestamp":"2026-08-16 23:12:48"}
{"level":"info","message":"\u001b[41mServer running on http://localhost:3000\u001b[49m","timestamp":"2026-08-16 23:21:46"}
{"level":"http","message":"POST /api/v1/auth/signup 200 390 - 6679.512 ms","timestamp":"2026-08-16 23:22:40"}
{"level":"http","message":"GET /verify-email?token=eyJhbGciOiJIUzI1NiIsInR5cCI6IkpXVCJ9.eyJ1c2VySWQiOiI2YTgxZjFkYmNmNjY4NmQzYzQ4MjEwODUiLCJpYXQiOjE3ODY5MDA5NTUsImV4cCI6MTc4NjkwMTg1NX0.CwxzunqzT56BqaOaE_pi2Jok_5KhxfWwr0-unsiZLDQ&id=6a81f1dbcf6686d3c4821085 404 1018 - 22.307 ms","timestamp":"2026-08-16 23:23:03"}
{"level":"http","message":"GET /favicon.ico 404 1018 - 1.963 ms","timestamp":"2026-08-16 23:23:04"}
{"level":"info","message":"\u001b[41mServer running on http://localhost:3000\u001b[49m","timestamp":"2026-08-16 23:23:55"}
{"level":"http","message":"GET /verify-email?token=eyJhbGciOiJIUzI1NiIsInR5cCI6IkpXVCJ9.eyJ1c2VySWQiOiI2YTgxZjFkYmNmNjY4NmQzYzQ4MjEwODUiLCJpYXQiOjE3ODY5MDA5NTUsImV4cCI6MTc4NjkwMTg1NX0.CwxzunqzT56BqaOaE_pi2Jok_5KhxfWwr0-unsiZLDQ&id=6a81f1dbcf6686d3c4821085 404 1018 - 15.345 ms","timestamp":"2026-08-16 23:23:58"}
{"level":"info","message":"\u001b[41mServer running on http://localhost:3000\u001b[49m","timestamp":"2026-08-16 23:25:13"}
{"level":"info","message":"\u001b[41mServer running on http://localhost:3000\u001b[49m","timestamp":"2026-08-16 23:28:58"}
{"level":"info","message":"\u001b[41mServer running on http://localhost:3000\u001b[49m","timestamp":"2026-08-16 23:29:36"}
{"level":"http","message":"POST /api/v1/auth/signup 200 390 - 7803.244 ms","timestamp":"2026-08-16 23:30:33"}
{"level":"http","message":"GET /verify-email?token=eyJhbGciOiJIUzI1NiIsInR5cCI6IkpXVCJ9.eyJ1c2VySWQiOiI2YTgxZjNiMzk4MTdhMWU1ODJhZmEwM2UiLCJpYXQiOjE3ODY5MDE0MjcsImV4cCI6MTc4NjkwMjMyN30.7SBgThSG6LqGHQUxA8-l7hXPwusU1YBcnhIPu55pD-Y&id=6a81f3b39817a1e582afa03e 404 1018 - 9.934 ms","timestamp":"2026-08-16 23:30:51"}
{"level":"info","message":"\u001b[41mServer running on http://localhost:3000\u001b[49m","timestamp":"2026-08-16 23:35:38"}
{"level":"http","message":"POST /api/v1/auth/signup 200 390 - 7740.333 ms","timestamp":"2026-08-16 23:35:58"}
{"level":"http","message":"GET /api/v1/auth/verify-email?token=eyJhbGciOiJIUzI1NiIsInR5cCI6IkpXVCJ9.eyJ1c2VySWQiOiI2YTgxZjRmOTgzODMwYmVmNDg5MGU0YWMiLCJpYXQiOjE3ODY5MDE3NTMsImV4cCI6MTc4NjkwMjY1M30.ynMZ8M7k-XuarnTjkawOvJTZVEw4c50sX-yGHPCu7W4&id=6a81f4f983830bef4890e4ac 500 1086 - 19.871 ms","timestamp":"2026-08-16 23:36:17"}
{"level":"info","message":"\u001b[41mServer running on http://localhost:3000\u001b[49m","timestamp":"2026-08-16 23:36:54"}
{"level":"http","message":"GET /api/v1/auth/verify-email?token=eyJhbGciOiJIUzI1NiIsInR5cCI6IkpXVCJ9.eyJ1c2VySWQiOiI2YTgxZjRmOTgzODMwYmVmNDg5MGU0YWMiLCJpYXQiOjE3ODY5MDE3NTMsImV4cCI6MTc4NjkwMjY1M30.ynMZ8M7k-XuarnTjkawOvJTZVEw4c50sX-yGHPCu7W4&id=6a81f4f983830bef4890e4ac 200 85 - 1686.033 ms","timestamp":"2026-08-16 23:36:57"}
{"level":"info","message":"\u001b[41mServer running on http://localhost:3000\u001b[49m","timestamp":"2026-08-16 23:38:03"}
{"level":"info","message":"\u001b[41mServer running on http://localhost:3000\u001b[49m","timestamp":"2026-08-16 23:38:50"}
{"level":"info","message":"\u001b[41mServer running on http://localhost:3000\u001b[49m","timestamp":"2026-08-16 23:39:26"}
