{"level":"info","message":"\u001b[41mServer running on http://localhost:3000\u001b[49m","timestamp":"2026-08-30 20:09:03"}
{"level":"info","message":"\u001b[41mServer running on http://localhost:3000\u001b[49m","timestamp":"2026-08-30 21:51:59"}
{"level":"http","message":"GET / 404 1007 - 25.522 ms","timestamp":"2026-08-30 21:52:08"}
{"level":"http","message":"GET /favicon.ico 404 1007 - 1.315 ms","timestamp":"2026-08-30 21:52:08"}
{"level":"http","message":"GET /api/v1/users/address 401 1074 - 4.727 ms","timestamp":"2026-08-30 21:52:36"}
{"level":"http","message":"POST /api/v1/auth/login 200 763 - 2348.334 ms","timestamp":"2026-08-30 21:55:30"}
{"level":"http","message":"GET /api/v1/users/address 401 1074 - 17.593 ms","timestamp":"2026-08-30 21:55:43"}
{"level":"http","message":"POST /api/v1/users/address 404 992 - 4.421 ms","timestamp":"2026-08-30 21:56:32"}
{"level":"http","message":"GET /api/v1/users/address 401 1074 - 2.687 ms","timestamp":"2026-08-30 21:57:38"}
{"level":"http","message":"GET /api/v1/users/address 200 2 - 5659.580 ms","timestamp":"2026-08-30 22:01:07"}
{"level":"info","message":"\u001b[41mServer running on http://localhost:3000\u001b[49m","timestamp":"2026-08-30 22:02:06"}
{"level":"info","message":"\u001b[41mServer running on http://localhost:3000\u001b[49m","timestamp":"2026-08-30 22:02:14"}
{"level":"http","message":"GET /api/v1/users/address 200 16 - 1131.377 ms","timestamp":"2026-08-30 22:02:16"}
{"level":"http","message":"GET /api/v1/users/address 401 1074 - 8.912 ms","timestamp":"2026-08-30 22:02:24"}
{"level":"http","message":"GET /api/v1/users/address 401 1074 - 1.769 ms","timestamp":"2026-08-30 22:02:27"}
{"level":"info","message":"\u001b[41mServer running on http://localhost:3000\u001b[49m","timestamp":"2026-08-30 22:03:36"}
{"level":"info","message":{"accessToken":"eyJhbGciOiJIUzI1NiIsInR5cCI6IkpXVCJ9.eyJ1c2VySWQiOiI1MzE1OTllYy1iYjJhLTQ3NTAtYjA0Yy05Y2U1NDViNTUyNzAiLCJlbWFpbCI6Im1vZmFAZ21haWwuY29tIiwiaWF0IjoxNzg4MTA1MzMwLCJleHAiOjE3ODgxOTE3MzB9.ibw-1EDalCJKd3QtyhUfQzjmS9ZXDSDKRphHyqk4u58","refreshToken":"eyJhbGciOiJIUzI1NiIsInR5cCI6IkpXVCJ9.eyJ1c2VySWQiOiI1MzE1OTllYy1iYjJhLTQ3NTAtYjA0Yy05Y2U1NDViNTUyNzAiLCJlbWFpbCI6Im1vZmFAZ21haWwuY29tIiwiaWF0IjoxNzg4MTA1MzMwLCJleHAiOjE3ODgzNjQ1MzB9.TaQbNsbVRqmPhvkLBeKUJJ34MHzD9HEEDX4ShF-JRx8"},"timestamp":"2026-08-30 22:03:37"}
{"level":"http","message":"GET /api/v1/users/address 200 16 - 951.006 ms","timestamp":"2026-08-30 22:03:37"}
{"level":"info","message":"\u001b[41mServer running on http://localhost:3000\u001b[49m","timestamp":"2026-08-30 22:04:04"}
{"level":"info","message":{"accessToken":"eyJhbGciOiJIUzI1NiIsInR5cCI6IkpXVCJ9.eyJ1c2VySWQiOiI1MzE1OTllYy1iYjJhLTQ3NTAtYjA0Yy05Y2U1NDViNTUyNzAiLCJlbWFpbCI6Im1vZmFAZ21haWwuY29tIiwiaWF0IjoxNzg4MTA1MzMwLCJleHAiOjE3ODgxOTE3MzB9.ibw-1EDalCJKd3QtyhUfQzjmS9ZXDSDKRphHyqk4u58","refreshToken":"eyJhbGciOiJIUzI1NiIsInR5cCI6IkpXVCJ9.eyJ1c2VySWQiOiI1MzE1OTllYy1iYjJhLTQ3NTAtYjA0Yy05Y2U1NDViNTUyNzAiLCJlbWFpbCI6Im1vZmFAZ21haWwuY29tIiwiaWF0IjoxNzg4MTA1MzMwLCJleHAiOjE3ODgzNjQ1MzB9.TaQbNsbVRqmPhvkLBeKUJJ34MHzD9HEEDX4ShF-JRx8"},"timestamp":"2026-08-30 22:04:07"}
{"level":"http","message":"GET /api/v1/users/address 200 258 - 846.380 ms","timestamp":"2026-08-30 22:04:07"}
