{"level":"info","message":"\u001b[41mServer running on http://localhost:3000\u001b[49m","timestamp":"2026-08-11 12:57:57"}
{"level":"http","message":"GET / 200 47 - 5.267 ms","timestamp":"2026-08-11 12:58:32"}
{"level":"http","message":"GET /favicon.ico 404 970 - 10.143 ms","timestamp":"2026-08-11 12:58:33"}
{"level":"http","message":"GET /health 200 51 - 1.299 ms","timestamp":"2026-08-11 12:58:41"}
{"level":"http","message":"GET /health/skfhsf 404 970 - 2.348 ms","timestamp":"2026-08-11 12:59:18"}
{"level":"http","message":"GET /health 304 - - 1.606 ms","timestamp":"2026-08-11 12:59:48"}
{"level":"http","message":"GET /error 400 1030 - 2.042 ms","timestamp":"2026-08-11 12:59:51"}
{"level":"http","message":"GET / 304 - - 0.812 ms","timestamp":"2026-08-11 13:00:10"}
{"level":"info","message":"\u001b[41mServer running on http://localhost:3000\u001b[49m","timestamp":"2026-08-11 13:38:04"}
{"level":"http","message":"GET /dfdf 404 46 - 8.646 ms","timestamp":"2026-08-11 13:38:14"}
{"level":"http","message":"GET /health 304 - - 1.698 ms","timestamp":"2026-08-11 13:38:36"}
{"level":"http","message":"GET /health/sdfdf 404 46 - 1.381 ms","timestamp":"2026-08-11 13:38:43"}
{"level":"http","message":"GET /heal 404 46 - 0.565 ms","timestamp":"2026-08-11 13:38:55"}
{"level":"http","message":"GET / 304 - - 1.440 ms","timestamp":"2026-08-11 13:39:04"}
{"level":"http","message":"GET /sdf 404 46 - 1.870 ms","timestamp":"2026-08-11 13:39:10"}
{"level":"info","message":"\u001b[41mServer running on http://localhost:3000\u001b[49m","timestamp":"2026-08-11 13:41:31"}
{"level":"info","message":"\u001b[41mServer running on http://localhost:3000\u001b[49m","timestamp":"2026-08-11 13:41:41"}
{"level":"http","message":"GET /sdf 404 48 - 4.680 ms","timestamp":"2026-08-11 13:41:42"}
{"level":"info","message":"\u001b[41mServer running on http://localhost:3000\u001b[49m","timestamp":"2026-08-11 13:57:37"}
{"level":"info","message":"\u001b[41mServer running on http://localhost:3000\u001b[49m","timestamp":"2026-08-11 15:38:09"}
{"level":"http","message":"GET /api/health/db 200 69 - 480.449 ms","timestamp":"2026-08-11 15:38:50"}
{"level":"info","message":"\u001b[41mServer running on http://localhost:3000\u001b[49m","timestamp":"2026-08-11 18:01:01"}
{"level":"http","message":"GET / 304 - - 70.223 ms","timestamp":"2026-08-11 19:08:48"}
{"level":"http","message":"GET / 304 - - 1.447 ms","timestamp":"2026-08-11 19:08:51"}
{"level":"http","message":"GET /health 304 - - 1.060 ms","timestamp":"2026-08-11 19:08:57"}
{"level":"http","message":"GET /hesdfdf 404 62 - 19.276 ms","timestamp":"2026-08-11 19:09:06"}
{"level":"http","message":"GET /hesdfdf 404 62 - 1.407 ms","timestamp":"2026-08-11 19:09:43"}
{"level":"info","message":"\u001b[41mServer running on http://localhost:3000\u001b[49m","timestamp":"2026-08-11 19:10:24"}
{"level":"http","message":"GET /hesdfdf 404 64 - 4.520 ms","timestamp":"2026-08-11 19:10:24"}
{"level":"http","message":"GET /hesdfdf 404 64 - 2.773 ms","timestamp":"2026-08-11 19:10:31"}
